// Jest Snapshot v1, https://goo.gl/fbAQLP

exports[`it should 1`] = `
Object {
  "asFragment": [Function],
  "baseElement": <body>
    <div>
      <div
        data-testid="product_list"
        id="product_list"
      >
        <div
          class="row align-items-center"
        >
          <div
            class="col-md-3 p-0 pl-2 mb-3"
          >
            <div
              class="card"
              data-testid="5b6c6a7f01a7c38429530883"
            >
              <div
                class="card-header bg-white"
              >
                <p
                  class="title"
                  data-testid="Fresho Kiwi - Green, 3 pcs"
                >
                   
                  <strong>
                    Fresho Kiwi - Green, 3 pcs
                  </strong>
                </p>
              </div>
              <img
                alt="Fresho Kiwi - Green, 3 pcs"
                class="card-img-top p-2"
                data-testid="productImage"
                src="/static/images/products/fruit-n-veg/kiwi-green.jpg"
              />
              <div
                class="card-body"
              >
                <p
                  class="card-text"
                  data-testid="productDesc"
                >
                  Kiwis are oval shaped with a brownish outer skin. The flesh is bright green and juicy with tiny, edible black seeds.
                </p>
              </div>
              <div
                class="card-footer bg-white"
              >
                <div
                  class="row align-items-center"
                >
                  <div
                    class="col-sm-6"
                  >
                    <small
                      data-testid="productPrice"
                    >
                      <strong>
                        MRP Rs.
                        87
                      </strong>
                    </small>
                  </div>
                </div>
              </div>
            </div>
          </div>
        </div>
      </div>
    </div>
    <div>
      <div
        data-testid="product_list"
        id="product_list"
      >
        <div
          class="row align-items-center"
        >
          <div
            class="col-md-3 p-0 pl-2 mb-3"
          >
            <div
              class="card"
              data-testid="5b6c6a7f01a7c38429530883"
            >
              <div
                class="card-header bg-white"
              >
                <p
                  class="title"
                  data-testid="Fresho Kiwi - Green, 3 pcs"
                >
                   
                  <strong>
                    Fresho Kiwi - Green, 3 pcs
                  </strong>
                </p>
              </div>
              <img
                alt="Fresho Kiwi - Green, 3 pcs"
                class="card-img-top p-2"
                data-testid="productImage"
                src="/static/images/products/fruit-n-veg/kiwi-green.jpg"
              />
              <div
                class="card-body"
              >
                <p
                  class="card-text"
                  data-testid="productDesc"
                >
                  Kiwis are oval shaped with a brownish outer skin. The flesh is bright green and juicy with tiny, edible black seeds.
                </p>
              </div>
              <div
                class="card-footer bg-white"
              >
                <div
                  class="row align-items-center"
                >
                  <div
                    class="col-sm-6"
                  >
                    <small
                      data-testid="productPrice"
                    >
                      <strong>
                        MRP Rs.
                        87
                      </strong>
                    </small>
                  </div>
                </div>
              </div>
            </div>
          </div>
        </div>
      </div>
    </div>
  </body>,
  "container": <div>
    <div
      data-testid="product_list"
      id="product_list"
    >
      <div
        class="row align-items-center"
      >
        <div
          class="col-md-3 p-0 pl-2 mb-3"
        >
          <div
            class="card"
            data-testid="5b6c6a7f01a7c38429530883"
          >
            <div
              class="card-header bg-white"
            >
              <p
                class="title"
                data-testid="Fresho Kiwi - Green, 3 pcs"
              >
                 
                <strong>
                  Fresho Kiwi - Green, 3 pcs
                </strong>
              </p>
            </div>
            <img
              alt="Fresho Kiwi - Green, 3 pcs"
              class="card-img-top p-2"
              data-testid="productImage"
              src="/static/images/products/fruit-n-veg/kiwi-green.jpg"
            />
            <div
              class="card-body"
            >
              <p
                class="card-text"
                data-testid="productDesc"
              >
                Kiwis are oval shaped with a brownish outer skin. The flesh is bright green and juicy with tiny, edible black seeds.
              </p>
            </div>
            <div
              class="card-footer bg-white"
            >
              <div
                class="row align-items-center"
              >
                <div
                  class="col-sm-6"
                >
                  <small
                    data-testid="productPrice"
                  >
                    <strong>
                      MRP Rs.
                      87
                    </strong>
                  </small>
                </div>
              </div>
            </div>
          </div>
        </div>
      </div>
    </div>
  </div>,
  "debug": [Function],
  "findAllByAltText": [Function],
  "findAllByDisplayValue": [Function],
  "findAllByLabelText": [Function],
  "findAllByPlaceholderText": [Function],
  "findAllByRole": [Function],
  "findAllByTestId": [Function],
  "findAllByText": [Function],
  "findAllByTitle": [Function],
  "findByAltText": [Function],
  "findByDisplayValue": [Function],
  "findByLabelText": [Function],
  "findByPlaceholderText": [Function],
  "findByRole": [Function],
  "findByTestId": [Function],
  "findByText": [Function],
  "findByTitle": [Function],
  "getAllByAltText": [Function],
  "getAllByDisplayValue": [Function],
  "getAllByLabelText": [Function],
  "getAllByPlaceholderText": [Function],
  "getAllByRole": [Function],
  "getAllByTestId": [Function],
  "getAllByText": [Function],
  "getAllByTitle": [Function],
  "getByAltText": [Function],
  "getByDisplayValue": [Function],
  "getByLabelText": [Function],
  "getByPlaceholderText": [Function],
  "getByRole": [Function],
  "getByTestId": [Function],
  "getByText": [Function],
  "getByTitle": [Function],
  "queryAllByAltText": [Function],
  "queryAllByDisplayValue": [Function],
  "queryAllByLabelText": [Function],
  "queryAllByPlaceholderText": [Function],
  "queryAllByRole": [Function],
  "queryAllByTestId": [Function],
  "queryAllByText": [Function],
  "queryAllByTitle": [Function],
  "queryByAltText": [Function],
  "queryByDisplayValue": [Function],
  "queryByLabelText": [Function],
  "queryByPlaceholderText": [Function],
  "queryByRole": [Function],
  "queryByTestId": [Function],
  "queryByText": [Function],
  "queryByTitle": [Function],
  "rerender": [Function],
  "unmount": [Function],
}
`;
